// Vitest Snapshot v1, https://vitest.dev/guide/snapshot.html

exports[`CardFooter > renders correctly 1`] = `
<div>
  <div
    class="card_footer"
  >
    <div
      class="card_card-avatar"
    >
      <div
        class="MuiAvatarGroup-root card_avatar-container css-1a5pyhb-MuiAvatarGroup-root"
      >
        <div
          aria-label="Jane Doe"
          class="MuiAvatar-root MuiAvatar-circular MuiAvatarGroup-avatar card_avatar-profile-picture css-1ixhonp-MuiAvatar-root"
          data-mui-internal-clone-element="true"
        >
          <img
            alt="Jane Doe"
            class="MuiAvatar-img css-1pqm26d-MuiAvatar-img"
            src="https://example.com/jane.jpg"
          />
        </div>
        <div
          aria-label="John Doe"
          class="MuiAvatar-root MuiAvatar-circular MuiAvatarGroup-avatar card_avatar-profile-picture css-1ixhonp-MuiAvatar-root"
          data-mui-internal-clone-element="true"
        >
          <img
            alt="John Doe"
            class="MuiAvatar-img css-1pqm26d-MuiAvatar-img"
            src="https://example.com/john.jpg"
          />
        </div>
      </div>
    </div>
    <div
      class="card_footer-icon"
    >
      <div
        class="card_icon-container"
      >
        <svg
          aria-hidden="true"
          class="MuiSvgIcon-root MuiSvgIcon-fontSizeMedium card_default-footer-icon css-i4bv87-MuiSvgIcon-root"
          data-testid="AttachFileIcon"
          focusable="false"
          viewBox="0 0 24 24"
        >
          <path
            d="M16.5 6v11.5c0 2.21-1.79 4-4 4s-4-1.79-4-4V5c0-1.38 1.12-2.5 2.5-2.5s2.5 1.12 2.5 2.5v10.5c0 .55-.45 1-1 1s-1-.45-1-1V6H10v9.5c0 1.38 1.12 2.5 2.5 2.5s2.5-1.12 2.5-2.5V5c0-2.21-1.79-4-4-4S7 2.79 7 5v12.5c0 3.04 2.46 5.5 5.5 5.5s5.5-2.46 5.5-5.5V6h-1.5z"
          />
        </svg>
        <p
          class="card_icon-info"
        >
          ۲
        </p>
      </div>
      <div>
        <div
          class="card_icon-container"
        >
          <svg
            aria-hidden="true"
            class="MuiSvgIcon-root MuiSvgIcon-fontSizeMedium card_default-footer-icon css-i4bv87-MuiSvgIcon-root"
            data-testid="CheckBoxOutlinedIcon"
            focusable="false"
            viewBox="0 0 24 24"
          >
            <path
              d="M19 3H5c-1.1 0-2 .9-2 2v14c0 1.1.9 2 2 2h14c1.1 0 2-.9 2-2V5c0-1.1-.9-2-2-2zm0 16H5V5h14v14zM17.99 9l-1.41-1.42-6.59 6.59-2.58-2.57-1.42 1.41 4 3.99z"
            />
          </svg>
          <p
            class="card_icon-info"
          >
            ۱
            /
            ۳
          </p>
        </div>
      </div>
      <div
        class="card_icon-container"
      >
        <svg
          aria-hidden="true"
          class="MuiSvgIcon-root MuiSvgIcon-fontSizeMedium card_default-footer-icon css-i4bv87-MuiSvgIcon-root"
          data-testid="ChatBubbleIcon"
          focusable="false"
          viewBox="0 0 24 24"
        >
          <path
            d="M20 2H4c-1.1 0-2 .9-2 2v18l4-4h14c1.1 0 2-.9 2-2V4c0-1.1-.9-2-2-2z"
          />
        </svg>
        <p
          class="card_icon-info"
        >
          ۴
        </p>
      </div>
    </div>
  </div>
</div>
`;
